
Discarded input sections

 .text          0x00000000        0x0 ..\obj\startup_stm32f4xx.o
 .data          0x00000000        0x0 ..\obj\startup_stm32f4xx.o
 .bss           0x00000000        0x0 ..\obj\startup_stm32f4xx.o
 .text          0x00000000        0x0 ..\obj\main.o
 .data          0x00000000        0x0 ..\obj\main.o
 .bss           0x00000000        0x0 ..\obj\main.o
 .text          0x00000000        0x0 ..\obj\stm32f4xx_rcc.o
 .data          0x00000000       0x10 ..\obj\stm32f4xx_rcc.o
 .bss           0x00000000        0x0 ..\obj\stm32f4xx_rcc.o
 .text.RCC_DeInit
                0x00000000       0x38 ..\obj\stm32f4xx_rcc.o
 .text.RCC_HSEConfig
                0x00000000       0x10 ..\obj\stm32f4xx_rcc.o
 .text.RCC_WaitForHSEStartUp
                0x00000000       0x34 ..\obj\stm32f4xx_rcc.o
 .text.RCC_AdjustHSICalibrationValue
                0x00000000       0x18 ..\obj\stm32f4xx_rcc.o
 .text.RCC_HSICmd
                0x00000000        0xc ..\obj\stm32f4xx_rcc.o
 .text.RCC_LSEConfig
                0x00000000       0x20 ..\obj\stm32f4xx_rcc.o
 .text.RCC_LSICmd
                0x00000000        0xc ..\obj\stm32f4xx_rcc.o
 .text.RCC_PLLConfig
                0x00000000       0x28 ..\obj\stm32f4xx_rcc.o
 .text.RCC_PLLCmd
                0x00000000        0xc ..\obj\stm32f4xx_rcc.o
 .text.RCC_PLLI2SConfig
                0x00000000       0x14 ..\obj\stm32f4xx_rcc.o
 .text.RCC_PLLI2SCmd
                0x00000000        0xc ..\obj\stm32f4xx_rcc.o
 .text.RCC_ClockSecuritySystemCmd
                0x00000000        0xc ..\obj\stm32f4xx_rcc.o
 .text.RCC_MCO1Config
                0x00000000       0x1c ..\obj\stm32f4xx_rcc.o
 .text.RCC_MCO2Config
                0x00000000       0x1c ..\obj\stm32f4xx_rcc.o
 .text.RCC_SYSCLKConfig
                0x00000000       0x14 ..\obj\stm32f4xx_rcc.o
 .text.RCC_GetSYSCLKSource
                0x00000000       0x10 ..\obj\stm32f4xx_rcc.o
 .text.RCC_HCLKConfig
                0x00000000       0x14 ..\obj\stm32f4xx_rcc.o
 .text.RCC_PCLK1Config
                0x00000000       0x14 ..\obj\stm32f4xx_rcc.o
 .text.RCC_PCLK2Config
                0x00000000       0x18 ..\obj\stm32f4xx_rcc.o
 .text.RCC_GetClocksFreq
                0x00000000       0xbc ..\obj\stm32f4xx_rcc.o
 .text.RCC_RTCCLKConfig
                0x00000000       0x44 ..\obj\stm32f4xx_rcc.o
 .text.RCC_RTCCLKCmd
                0x00000000        0xc ..\obj\stm32f4xx_rcc.o
 .text.RCC_BackupResetCmd
                0x00000000        0xc ..\obj\stm32f4xx_rcc.o
 .text.RCC_I2SCLKConfig
                0x00000000        0xc ..\obj\stm32f4xx_rcc.o
 .text.RCC_AHB2PeriphClockCmd
                0x00000000       0x1c ..\obj\stm32f4xx_rcc.o
 .text.RCC_AHB3PeriphClockCmd
                0x00000000       0x1c ..\obj\stm32f4xx_rcc.o
 .text.RCC_APB2PeriphClockCmd
                0x00000000       0x1c ..\obj\stm32f4xx_rcc.o
 .text.RCC_AHB1PeriphResetCmd
                0x00000000       0x1c ..\obj\stm32f4xx_rcc.o
 .text.RCC_AHB2PeriphResetCmd
                0x00000000       0x1c ..\obj\stm32f4xx_rcc.o
 .text.RCC_AHB3PeriphResetCmd
                0x00000000       0x1c ..\obj\stm32f4xx_rcc.o
 .text.RCC_APB1PeriphResetCmd
                0x00000000       0x1c ..\obj\stm32f4xx_rcc.o
 .text.RCC_APB2PeriphResetCmd
                0x00000000       0x1c ..\obj\stm32f4xx_rcc.o
 .text.RCC_AHB1PeriphClockLPModeCmd
                0x00000000       0x1c ..\obj\stm32f4xx_rcc.o
 .text.RCC_AHB2PeriphClockLPModeCmd
                0x00000000       0x1c ..\obj\stm32f4xx_rcc.o
 .text.RCC_AHB3PeriphClockLPModeCmd
                0x00000000       0x1c ..\obj\stm32f4xx_rcc.o
 .text.RCC_APB1PeriphClockLPModeCmd
                0x00000000       0x1c ..\obj\stm32f4xx_rcc.o
 .text.RCC_APB2PeriphClockLPModeCmd
                0x00000000       0x1c ..\obj\stm32f4xx_rcc.o
 .text.RCC_ITConfig
                0x00000000       0x1c ..\obj\stm32f4xx_rcc.o
 .text.RCC_GetFlagStatus
                0x00000000       0x3c ..\obj\stm32f4xx_rcc.o
 .text.RCC_ClearFlag
                0x00000000       0x14 ..\obj\stm32f4xx_rcc.o
 .text.RCC_GetITStatus
                0x00000000       0x14 ..\obj\stm32f4xx_rcc.o
 .text.RCC_ClearITPendingBit
                0x00000000        0xc ..\obj\stm32f4xx_rcc.o
 .text          0x00000000        0x0 ..\obj\stm32f4xx_gpio.o
 .data          0x00000000        0x0 ..\obj\stm32f4xx_gpio.o
 .bss           0x00000000        0x0 ..\obj\stm32f4xx_gpio.o
 .text.GPIO_DeInit
                0x00000000      0x128 ..\obj\stm32f4xx_gpio.o
 .text.GPIO_StructInit
                0x00000000        0xc ..\obj\stm32f4xx_gpio.o
 .text.GPIO_PinLockConfig
                0x00000000       0x28 ..\obj\stm32f4xx_gpio.o
 .text.GPIO_ReadInputDataBit
                0x00000000        0xc ..\obj\stm32f4xx_gpio.o
 .text.GPIO_ReadInputData
                0x00000000        0x8 ..\obj\stm32f4xx_gpio.o
 .text.GPIO_ReadOutputDataBit
                0x00000000        0xc ..\obj\stm32f4xx_gpio.o
 .text.GPIO_ReadOutputData
                0x00000000        0x8 ..\obj\stm32f4xx_gpio.o
 .text.GPIO_SetBits
                0x00000000        0x4 ..\obj\stm32f4xx_gpio.o
 .text.GPIO_ResetBits
                0x00000000        0x4 ..\obj\stm32f4xx_gpio.o
 .text.GPIO_WriteBit
                0x00000000        0xc ..\obj\stm32f4xx_gpio.o
 .text.GPIO_Write
                0x00000000        0x4 ..\obj\stm32f4xx_gpio.o
 .text.GPIO_ToggleBits
                0x00000000        0x8 ..\obj\stm32f4xx_gpio.o
 .text          0x00000000        0x0 ..\obj\system_stm32f4xx.o
 .data          0x00000000       0x14 ..\obj\system_stm32f4xx.o
 .bss           0x00000000        0x0 ..\obj\system_stm32f4xx.o
 .text.SystemCoreClockUpdate
                0x00000000       0x90 ..\obj\system_stm32f4xx.o
 .text          0x00000000        0x0 ..\obj\stm32f4xx_tim.o
 .data          0x00000000        0x0 ..\obj\stm32f4xx_tim.o
 .bss           0x00000000        0x0 ..\obj\stm32f4xx_tim.o
 .text.TIM_DeInit
                0x00000000      0x1d4 ..\obj\stm32f4xx_tim.o
 .text.TIM_TimeBaseStructInit
                0x00000000       0x14 ..\obj\stm32f4xx_tim.o
 .text.TIM_PrescalerConfig
                0x00000000        0x8 ..\obj\stm32f4xx_tim.o
 .text.TIM_CounterModeConfig
                0x00000000       0x14 ..\obj\stm32f4xx_tim.o
 .text.TIM_SetCounter
                0x00000000        0x4 ..\obj\stm32f4xx_tim.o
 .text.TIM_SetAutoreload
                0x00000000        0x4 ..\obj\stm32f4xx_tim.o
 .text.TIM_GetCounter
                0x00000000        0x4 ..\obj\stm32f4xx_tim.o
 .text.TIM_GetPrescaler
                0x00000000        0x8 ..\obj\stm32f4xx_tim.o
 .text.TIM_UpdateDisableConfig
                0x00000000       0x1c ..\obj\stm32f4xx_tim.o
 .text.TIM_UpdateRequestConfig
                0x00000000       0x1c ..\obj\stm32f4xx_tim.o
 .text.TIM_SelectOnePulseMode
                0x00000000       0x18 ..\obj\stm32f4xx_tim.o
 .text.TIM_SetClockDivision
                0x00000000       0x18 ..\obj\stm32f4xx_tim.o
 .text.TIM_OC3Init
                0x00000000       0xa0 ..\obj\stm32f4xx_tim.o
 .text.TIM_OC4Init
                0x00000000       0x74 ..\obj\stm32f4xx_tim.o
 .text.TIM_OCStructInit
                0x00000000       0x14 ..\obj\stm32f4xx_tim.o
 .text.TIM_SelectOCxM
                0x00000000       0x58 ..\obj\stm32f4xx_tim.o
 .text.TIM_SetCompare1
                0x00000000        0x4 ..\obj\stm32f4xx_tim.o
 .text.TIM_SetCompare2
                0x00000000        0x4 ..\obj\stm32f4xx_tim.o
 .text.TIM_SetCompare3
                0x00000000        0x4 ..\obj\stm32f4xx_tim.o
 .text.TIM_SetCompare4
                0x00000000        0x4 ..\obj\stm32f4xx_tim.o
 .text.TIM_ForcedOC1Config
                0x00000000       0x14 ..\obj\stm32f4xx_tim.o
 .text.TIM_ForcedOC2Config
                0x00000000       0x18 ..\obj\stm32f4xx_tim.o
 .text.TIM_ForcedOC3Config
                0x00000000       0x14 ..\obj\stm32f4xx_tim.o
 .text.TIM_ForcedOC4Config
                0x00000000       0x18 ..\obj\stm32f4xx_tim.o
 .text.TIM_OC3PreloadConfig
                0x00000000       0x14 ..\obj\stm32f4xx_tim.o
 .text.TIM_OC4PreloadConfig
                0x00000000       0x18 ..\obj\stm32f4xx_tim.o
 .text.TIM_OC1FastConfig
                0x00000000       0x14 ..\obj\stm32f4xx_tim.o
 .text.TIM_OC2FastConfig
                0x00000000       0x18 ..\obj\stm32f4xx_tim.o
 .text.TIM_OC3FastConfig
                0x00000000       0x14 ..\obj\stm32f4xx_tim.o
 .text.TIM_OC4FastConfig
                0x00000000       0x18 ..\obj\stm32f4xx_tim.o
 .text.TIM_ClearOC1Ref
                0x00000000       0x14 ..\obj\stm32f4xx_tim.o
 .text.TIM_ClearOC2Ref
                0x00000000       0x10 ..\obj\stm32f4xx_tim.o
 .text.TIM_ClearOC3Ref
                0x00000000       0x14 ..\obj\stm32f4xx_tim.o
 .text.TIM_ClearOC4Ref
                0x00000000       0x10 ..\obj\stm32f4xx_tim.o
 .text.TIM_OC1PolarityConfig
                0x00000000       0x14 ..\obj\stm32f4xx_tim.o
 .text.TIM_OC1NPolarityConfig
                0x00000000       0x14 ..\obj\stm32f4xx_tim.o
 .text.TIM_OC2PolarityConfig
                0x00000000       0x18 ..\obj\stm32f4xx_tim.o
 .text.TIM_OC2NPolarityConfig
                0x00000000       0x18 ..\obj\stm32f4xx_tim.o
 .text.TIM_OC3PolarityConfig
                0x00000000       0x18 ..\obj\stm32f4xx_tim.o
 .text.TIM_OC3NPolarityConfig
                0x00000000       0x18 ..\obj\stm32f4xx_tim.o
 .text.TIM_OC4PolarityConfig
                0x00000000       0x18 ..\obj\stm32f4xx_tim.o
 .text.TIM_CCxCmd
                0x00000000       0x28 ..\obj\stm32f4xx_tim.o
 .text.TIM_CCxNCmd
                0x00000000       0x28 ..\obj\stm32f4xx_tim.o
 .text.TIM_ICInit
                0x00000000      0x198 ..\obj\stm32f4xx_tim.o
 .text.TIM_ICStructInit
                0x00000000       0x10 ..\obj\stm32f4xx_tim.o
 .text.TIM_PWMIConfig
                0x00000000      0x174 ..\obj\stm32f4xx_tim.o
 .text.TIM_GetCapture1
                0x00000000        0x4 ..\obj\stm32f4xx_tim.o
 .text.TIM_GetCapture2
                0x00000000        0x4 ..\obj\stm32f4xx_tim.o
 .text.TIM_GetCapture3
                0x00000000        0x4 ..\obj\stm32f4xx_tim.o
 .text.TIM_GetCapture4
                0x00000000        0x4 ..\obj\stm32f4xx_tim.o
 .text.TIM_SetIC1Prescaler
                0x00000000       0x18 ..\obj\stm32f4xx_tim.o
 .text.TIM_SetIC2Prescaler
                0x00000000       0x1c ..\obj\stm32f4xx_tim.o
 .text.TIM_SetIC3Prescaler
                0x00000000       0x18 ..\obj\stm32f4xx_tim.o
 .text.TIM_SetIC4Prescaler
                0x00000000       0x1c ..\obj\stm32f4xx_tim.o
 .text.TIM_BDTRConfig
                0x00000000       0x34 ..\obj\stm32f4xx_tim.o
 .text.TIM_BDTRStructInit
                0x00000000       0x14 ..\obj\stm32f4xx_tim.o
 .text.TIM_CtrlPWMOutputs
                0x00000000       0x20 ..\obj\stm32f4xx_tim.o
 .text.TIM_SelectCOM
                0x00000000       0x1c ..\obj\stm32f4xx_tim.o
 .text.TIM_CCPreloadControl
                0x00000000       0x1c ..\obj\stm32f4xx_tim.o
 .text.TIM_ITConfig
                0x00000000       0x14 ..\obj\stm32f4xx_tim.o
 .text.TIM_GenerateEvent
                0x00000000        0x4 ..\obj\stm32f4xx_tim.o
 .text.TIM_GetFlagStatus
                0x00000000        0xc ..\obj\stm32f4xx_tim.o
 .text.TIM_ClearFlag
                0x00000000        0x8 ..\obj\stm32f4xx_tim.o
 .text.TIM_GetITStatus
                0x00000000       0x18 ..\obj\stm32f4xx_tim.o
 .text.TIM_ClearITPendingBit
                0x00000000        0x8 ..\obj\stm32f4xx_tim.o
 .text.TIM_DMAConfig
                0x00000000        0x8 ..\obj\stm32f4xx_tim.o
 .text.TIM_DMACmd
                0x00000000       0x14 ..\obj\stm32f4xx_tim.o
 .text.TIM_SelectCCDMA
                0x00000000       0x1c ..\obj\stm32f4xx_tim.o
 .text.TIM_InternalClockConfig
                0x00000000       0x10 ..\obj\stm32f4xx_tim.o
 .text.TIM_ITRxExternalClockConfig
                0x00000000       0x20 ..\obj\stm32f4xx_tim.o
 .text.TIM_TIxExternalClockConfig
                0x00000000       0x9c ..\obj\stm32f4xx_tim.o
 .text.TIM_ETRClockMode1Config
                0x00000000       0x2c ..\obj\stm32f4xx_tim.o
 .text.TIM_ETRClockMode2Config
                0x00000000       0x28 ..\obj\stm32f4xx_tim.o
 .text.TIM_SelectInputTrigger
                0x00000000       0x14 ..\obj\stm32f4xx_tim.o
 .text.TIM_SelectOutputTrigger
                0x00000000       0x18 ..\obj\stm32f4xx_tim.o
 .text.TIM_SelectSlaveMode
                0x00000000       0x18 ..\obj\stm32f4xx_tim.o
 .text.TIM_SelectMasterSlaveMode
                0x00000000       0x18 ..\obj\stm32f4xx_tim.o
 .text.TIM_ETRConfig
                0x00000000       0x20 ..\obj\stm32f4xx_tim.o
 .text.TIM_EncoderInterfaceConfig
                0x00000000       0x44 ..\obj\stm32f4xx_tim.o
 .text.TIM_SelectHallSensor
                0x00000000       0x1c ..\obj\stm32f4xx_tim.o
 .text.TIM_RemapConfig
                0x00000000        0x8 ..\obj\stm32f4xx_tim.o

Memory Configuration

Name             Origin             Length             Attributes
rom              0x08000000         0x00100000         xr
ram              0x20000000         0x00020000         xrw
ram1             0x10000000         0x00010000         xrw
*default*        0x00000000         0xffffffff

Linker script and memory map

                0x20020000                _eram = 0x20020000

.text           0x08000000      0x864
 *(.isr_vector .isr_vector.*)
 .isr_vector    0x08000000      0x188 ..\obj\startup_stm32f4xx.o
                0x08000000                g_pfnVectors
 *(.text .text.* .gnu.linkonce.t.*)
 .text.Default_Reset_Handler
                0x08000188       0x8c ..\obj\startup_stm32f4xx.o
                0x08000188                Default_Reset_Handler
                0x08000188                Reset_Handler
 .text.Default_Handler
                0x08000214        0x4 ..\obj\startup_stm32f4xx.o
                0x08000214                RTC_Alarm_IRQHandler
                0x08000214                HASH_RNG_IRQHandler
                0x08000214                EXTI2_IRQHandler
                0x08000214                TIM8_CC_IRQHandler
                0x08000214                DebugMon_Handler
                0x08000214                TIM1_CC_IRQHandler
                0x08000214                DMA2_Stream5_IRQHandler
                0x08000214                HardFault_Handler
                0x08000214                DMA1_Stream5_IRQHandler
                0x08000214                SysTick_Handler
                0x08000214                PVD_IRQHandler
                0x08000214                SDIO_IRQHandler
                0x08000214                TAMP_STAMP_IRQHandler
                0x08000214                PendSV_Handler
                0x08000214                NMI_Handler
                0x08000214                CAN2_RX1_IRQHandler
                0x08000214                EXTI3_IRQHandler
                0x08000214                TIM8_TRG_COM_TIM14_IRQHandler
                0x08000214                TIM1_UP_TIM10_IRQHandler
                0x08000214                TIM8_UP_TIM13_IRQHandler
                0x08000214                I2C3_ER_IRQHandler
                0x08000214                EXTI0_IRQHandler
                0x08000214                I2C2_EV_IRQHandler
                0x08000214                DMA1_Stream2_IRQHandler
                0x08000214                CAN1_RX0_IRQHandler
                0x08000214                FPU_IRQHandler
                0x08000214                OTG_HS_WKUP_IRQHandler
                0x08000214                UsageFault_Handler
                0x08000214                CAN2_SCE_IRQHandler
                0x08000214                DMA2_Stream2_IRQHandler
                0x08000214                SPI1_IRQHandler
                0x08000214                TIM6_DAC_IRQHandler
                0x08000214                TIM1_BRK_TIM9_IRQHandler
                0x08000214                DCMI_IRQHandler
                0x08000214                CAN2_RX0_IRQHandler
                0x08000214                DMA2_Stream3_IRQHandler
                0x08000214                USART6_IRQHandler
                0x08000214                USART3_IRQHandler
                0x08000214                CRYP_IRQHandler
                0x08000214                CAN1_RX1_IRQHandler
                0x08000214                UART5_IRQHandler
                0x08000214                DMA2_Stream0_IRQHandler
                0x08000214                TIM4_IRQHandler
                0x08000214                I2C1_EV_IRQHandler
                0x08000214                DMA1_Stream6_IRQHandler
                0x08000214                DMA1_Stream1_IRQHandler
                0x08000214                UART4_IRQHandler
                0x08000214                TIM3_IRQHandler
                0x08000214                RCC_IRQHandler
                0x08000214                TIM8_BRK_TIM12_IRQHandler
                0x08000214                EXTI15_10_IRQHandler
                0x08000214                ADC_IRQHandler
                0x08000214                DMA1_Stream7_IRQHandler
                0x08000214                TIM7_IRQHandler
                0x08000214                CAN2_TX_IRQHandler
                0x08000214                TIM5_IRQHandler
                0x08000214                DMA2_Stream7_IRQHandler
                0x08000214                I2C3_EV_IRQHandler
                0x08000214                EXTI9_5_IRQHandler
                0x08000214                RTC_WKUP_IRQHandler
                0x08000214                ETH_WKUP_IRQHandler
                0x08000214                SPI2_IRQHandler
                0x08000214                OTG_HS_EP1_IN_IRQHandler
                0x08000214                MemManage_Handler
                0x08000214                DMA1_Stream0_IRQHandler
                0x08000214                CAN1_TX_IRQHandler
                0x08000214                SVC_Handler
                0x08000214                EXTI4_IRQHandler
                0x08000214                FSMC_IRQHandler
                0x08000214                ETH_IRQHandler
                0x08000214                OTG_HS_EP1_OUT_IRQHandler
                0x08000214                WWDG_IRQHandler
                0x08000214                TIM2_IRQHandler
                0x08000214                OTG_FS_WKUP_IRQHandler
                0x08000214                TIM1_TRG_COM_TIM11_IRQHandler
                0x08000214                OTG_HS_IRQHandler
                0x08000214                EXTI1_IRQHandler
                0x08000214                USART2_IRQHandler
                0x08000214                I2C2_ER_IRQHandler
                0x08000214                DMA2_Stream1_IRQHandler
                0x08000214                CAN1_SCE_IRQHandler
                0x08000214                FLASH_IRQHandler
                0x08000214                DMA2_Stream4_IRQHandler
                0x08000214                BusFault_Handler
                0x08000214                USART1_IRQHandler
                0x08000214                OTG_FS_IRQHandler
                0x08000214                SPI3_IRQHandler
                0x08000214                DMA1_Stream4_IRQHandler
                0x08000214                I2C1_ER_IRQHandler
                0x08000214                DMA2_Stream6_IRQHandler
                0x08000214                DMA1_Stream3_IRQHandler
 .text.TIMER_PWM_INIT_EXAMPLE
                0x08000218       0xc8 ..\obj\main.o
                0x08000218                TIMER_PWM_INIT_EXAMPLE
 .text.startup.main
                0x080002e0       0x20 ..\obj\main.o
                0x080002e0                main
 .text.RCC_AHB1PeriphClockCmd
                0x08000300       0x1c ..\obj\stm32f4xx_rcc.o
                0x08000300                RCC_AHB1PeriphClockCmd
 .text.RCC_APB1PeriphClockCmd
                0x0800031c       0x1c ..\obj\stm32f4xx_rcc.o
                0x0800031c                RCC_APB1PeriphClockCmd
 .text.GPIO_Init
                0x08000338      0x170 ..\obj\stm32f4xx_gpio.o
                0x08000338                GPIO_Init
 .text.GPIO_PinAFConfig
                0x080004a8       0x34 ..\obj\stm32f4xx_gpio.o
                0x080004a8                GPIO_PinAFConfig
 .text.SystemInit
                0x080004dc      0x134 ..\obj\system_stm32f4xx.o
                0x080004dc                SystemInit
 .text.TIM_TimeBaseInit
                0x08000610       0xb8 ..\obj\stm32f4xx_tim.o
                0x08000610                TIM_TimeBaseInit
 .text.TIM_ARRPreloadConfig
                0x080006c8       0x1c ..\obj\stm32f4xx_tim.o
                0x080006c8                TIM_ARRPreloadConfig
 .text.TIM_Cmd  0x080006e4       0x1c ..\obj\stm32f4xx_tim.o
                0x080006e4                TIM_Cmd
 .text.TIM_OC1Init
                0x08000700       0x98 ..\obj\stm32f4xx_tim.o
                0x08000700                TIM_OC1Init
 .text.TIM_OC2Init
                0x08000798       0xa0 ..\obj\stm32f4xx_tim.o
                0x08000798                TIM_OC2Init
 .text.TIM_OC1PreloadConfig
                0x08000838       0x14 ..\obj\stm32f4xx_tim.o
                0x08000838                TIM_OC1PreloadConfig
 .text.TIM_OC2PreloadConfig
                0x0800084c       0x18 ..\obj\stm32f4xx_tim.o
                0x0800084c                TIM_OC2PreloadConfig
 *(.glue_7t)
 .glue_7t       0x00000000        0x0 linker stubs
 *(.glue_7)
 .glue_7        0x00000000        0x0 linker stubs
 *(.rodata .rodata* .gnu.linkonce.r.*)

.vfp11_veneer   0x08000864        0x0
 .vfp11_veneer  0x00000000        0x0 linker stubs

.v4_bx          0x08000864        0x0
 .v4_bx         0x00000000        0x0 linker stubs

.ARM.extab
 *(.ARM.extab* .gnu.linkonce.armextab.*)
                0x08000864                __exidx_start = .

.ARM.exidx
 *(.ARM.exidx* .gnu.linkonce.armexidx.*)
                0x08000864                __exidx_end = .
                0x08000864                . = ALIGN (0x4)
                0x08000864                _etext = .
                0x08000864                _sidata = .

.data           0x20000000        0x0 load address 0x08000864
                0x20000000                _sdata = .
 *(.data .data.*)
                0x20000000                . = ALIGN (0x4)
                0x20000000                _edata = .

.bss            0x20000000        0x0
                0x20000000                _sbss = .
 *(.bss .bss.*)
 *(COMMON)
                0x20000000                . = ALIGN (0x4)
                0x20000000                _ebss = .

.co_stack       0x20000000     0x8000
                0x20000000                . = ALIGN (0x8)
 *(.co_stack .co_stack.*)
 .co_stack      0x20000000     0x8000 ..\obj\startup_stm32f4xx.o
                0x20000000                pulStack
                0x20008000                . = ALIGN (0x4)
                0x20008000                _end = .
LOAD c:/program files/gnu tools arm embedded/4.6 2012q2/bin/../lib/gcc/arm-none-eabi/4.6.2/armv7e-m\libgcc.a
LOAD c:/program files/gnu tools arm embedded/4.6 2012q2/bin/../lib/gcc/arm-none-eabi/4.6.2/../../../../arm-none-eabi/lib/armv7e-m\libc.a
LOAD c:/program files/gnu tools arm embedded/4.6 2012q2/bin/../lib/gcc/arm-none-eabi/4.6.2/../../../../arm-none-eabi/lib/armv7e-m\libm.a
LOAD ..\obj\startup_stm32f4xx.o
LOAD ..\obj\main.o
LOAD ..\obj\stm32f4xx_rcc.o
LOAD ..\obj\stm32f4xx_gpio.o
LOAD ..\obj\system_stm32f4xx.o
LOAD ..\obj\stm32f4xx_tim.o
START GROUP
LOAD c:/program files/gnu tools arm embedded/4.6 2012q2/bin/../lib/gcc/arm-none-eabi/4.6.2/armv7e-m\libgcc.a
LOAD c:/program files/gnu tools arm embedded/4.6 2012q2/bin/../lib/gcc/arm-none-eabi/4.6.2/../../../../arm-none-eabi/lib/armv7e-m\libg.a
LOAD c:/program files/gnu tools arm embedded/4.6 2012q2/bin/../lib/gcc/arm-none-eabi/4.6.2/../../../../arm-none-eabi/lib/armv7e-m\libc.a
END GROUP
OUTPUT(STM32F4_PWM.elf elf32-littlearm)

.debug_info     0x00000000     0x44df
 .debug_info    0x00000000      0x132 ..\obj\startup_stm32f4xx.o
 .debug_info    0x00000132      0x608 ..\obj\main.o
 .debug_info    0x0000073a      0xdc6 ..\obj\stm32f4xx_rcc.o
 .debug_info    0x00001500      0x631 ..\obj\stm32f4xx_gpio.o
 .debug_info    0x00001b31      0x63d ..\obj\system_stm32f4xx.o
 .debug_info    0x0000216e     0x2371 ..\obj\stm32f4xx_tim.o

.debug_abbrev   0x00000000      0x9fe
 .debug_abbrev  0x00000000       0xb9 ..\obj\startup_stm32f4xx.o
 .debug_abbrev  0x000000b9      0x117 ..\obj\main.o
 .debug_abbrev  0x000001d0      0x295 ..\obj\stm32f4xx_rcc.o
 .debug_abbrev  0x00000465      0x1ce ..\obj\stm32f4xx_gpio.o
 .debug_abbrev  0x00000633      0x16a ..\obj\system_stm32f4xx.o
 .debug_abbrev  0x0000079d      0x261 ..\obj\stm32f4xx_tim.o

.debug_loc      0x00000000     0x2b2d
 .debug_loc     0x00000000       0x33 ..\obj\startup_stm32f4xx.o
 .debug_loc     0x00000033       0x4c ..\obj\main.o
 .debug_loc     0x0000007f      0x9bb ..\obj\stm32f4xx_rcc.o
 .debug_loc     0x00000a3a      0x2e7 ..\obj\stm32f4xx_gpio.o
 .debug_loc     0x00000d21      0x184 ..\obj\system_stm32f4xx.o
 .debug_loc     0x00000ea5     0x1c88 ..\obj\stm32f4xx_tim.o

.debug_aranges  0x00000000      0x550
 .debug_aranges
                0x00000000       0x28 ..\obj\startup_stm32f4xx.o
 .debug_aranges
                0x00000028       0x28 ..\obj\main.o
 .debug_aranges
                0x00000050      0x178 ..\obj\stm32f4xx_rcc.o
 .debug_aranges
                0x000001c8       0x88 ..\obj\stm32f4xx_gpio.o
 .debug_aranges
                0x00000250       0x28 ..\obj\system_stm32f4xx.o
 .debug_aranges
                0x00000278      0x2d8 ..\obj\stm32f4xx_tim.o

.debug_ranges   0x00000000      0x6e0
 .debug_ranges  0x00000000       0x18 ..\obj\startup_stm32f4xx.o
 .debug_ranges  0x00000018       0x18 ..\obj\main.o
 .debug_ranges  0x00000030      0x198 ..\obj\stm32f4xx_rcc.o
 .debug_ranges  0x000001c8       0x78 ..\obj\stm32f4xx_gpio.o
 .debug_ranges  0x00000240       0x48 ..\obj\system_stm32f4xx.o
 .debug_ranges  0x00000288      0x458 ..\obj\stm32f4xx_tim.o

.debug_line     0x00000000     0x1bce
 .debug_line    0x00000000       0xb3 ..\obj\startup_stm32f4xx.o
 .debug_line    0x000000b3      0x269 ..\obj\main.o
 .debug_line    0x0000031c      0x5ef ..\obj\stm32f4xx_rcc.o
 .debug_line    0x0000090b      0x3d5 ..\obj\stm32f4xx_gpio.o
 .debug_line    0x00000ce0      0x245 ..\obj\system_stm32f4xx.o
 .debug_line    0x00000f25      0xca9 ..\obj\stm32f4xx_tim.o

.debug_str      0x00000000     0x193e
 .debug_str     0x00000000      0x10e ..\obj\startup_stm32f4xx.o
                                0x12d (size before relaxing)
 .debug_str     0x0000010e      0x4c4 ..\obj\main.o
                                0x54e (size before relaxing)
 .debug_str     0x000005d2      0x674 ..\obj\stm32f4xx_rcc.o
                                0x7ff (size before relaxing)
 .debug_str     0x00000c46      0x1b8 ..\obj\stm32f4xx_gpio.o
                                0x452 (size before relaxing)
 .debug_str     0x00000dfe      0x12d ..\obj\system_stm32f4xx.o
                                0x359 (size before relaxing)
 .debug_str     0x00000f2b      0xa13 ..\obj\stm32f4xx_tim.o
                                0xd7f (size before relaxing)

.comment        0x00000000       0x70
 .comment       0x00000000       0x70 ..\obj\startup_stm32f4xx.o
                                 0x71 (size before relaxing)
 .comment       0x00000000       0x71 ..\obj\main.o
 .comment       0x00000000       0x71 ..\obj\stm32f4xx_rcc.o
 .comment       0x00000000       0x71 ..\obj\stm32f4xx_gpio.o
 .comment       0x00000000       0x71 ..\obj\system_stm32f4xx.o
 .comment       0x00000000       0x71 ..\obj\stm32f4xx_tim.o

.ARM.attributes
                0x00000000       0x39
 .ARM.attributes
                0x00000000       0x39 ..\obj\startup_stm32f4xx.o
 .ARM.attributes
                0x00000039       0x39 ..\obj\main.o
 .ARM.attributes
                0x00000072       0x39 ..\obj\stm32f4xx_rcc.o
 .ARM.attributes
                0x000000ab       0x39 ..\obj\stm32f4xx_gpio.o
 .ARM.attributes
                0x000000e4       0x39 ..\obj\system_stm32f4xx.o
 .ARM.attributes
                0x0000011d       0x39 ..\obj\stm32f4xx_tim.o

.debug_frame    0x00000000      0xb04
 .debug_frame   0x00000000       0x3c ..\obj\startup_stm32f4xx.o
 .debug_frame   0x0000003c       0x48 ..\obj\main.o
 .debug_frame   0x00000084      0x2e4 ..\obj\stm32f4xx_rcc.o
 .debug_frame   0x00000368      0x11c ..\obj\stm32f4xx_gpio.o
 .debug_frame   0x00000484       0x34 ..\obj\system_stm32f4xx.o
 .debug_frame   0x000004b8      0x64c ..\obj\stm32f4xx_tim.o
