
Discarded input sections

 .text          0x00000000        0x0 ..\obj\startup_stm32f4xx.o
 .data          0x00000000        0x0 ..\obj\startup_stm32f4xx.o
 .bss           0x00000000        0x0 ..\obj\startup_stm32f4xx.o
 .text          0x00000000        0x0 ..\obj\main.o
 .bss           0x00000000        0x0 ..\obj\main.o
 .text          0x00000000        0x0 ..\obj\stm32f4xx_rcc.o
 .data          0x00000000       0x10 ..\obj\stm32f4xx_rcc.o
 .bss           0x00000000        0x0 ..\obj\stm32f4xx_rcc.o
 .text.RCC_DeInit
                0x00000000       0x50 ..\obj\stm32f4xx_rcc.o
 .text.RCC_HSEConfig
                0x00000000       0x24 ..\obj\stm32f4xx_rcc.o
 .text.RCC_WaitForHSEStartUp
                0x00000000       0x50 ..\obj\stm32f4xx_rcc.o
 .text.RCC_AdjustHSICalibrationValue
                0x00000000       0x3c ..\obj\stm32f4xx_rcc.o
 .text.RCC_HSICmd
                0x00000000       0x20 ..\obj\stm32f4xx_rcc.o
 .text.RCC_LSEConfig
                0x00000000       0x40 ..\obj\stm32f4xx_rcc.o
 .text.RCC_LSICmd
                0x00000000       0x20 ..\obj\stm32f4xx_rcc.o
 .text.RCC_PLLConfig
                0x00000000       0x3c ..\obj\stm32f4xx_rcc.o
 .text.RCC_PLLCmd
                0x00000000       0x20 ..\obj\stm32f4xx_rcc.o
 .text.RCC_PLLI2SConfig
                0x00000000       0x28 ..\obj\stm32f4xx_rcc.o
 .text.RCC_PLLI2SCmd
                0x00000000       0x20 ..\obj\stm32f4xx_rcc.o
 .text.RCC_ClockSecuritySystemCmd
                0x00000000       0x20 ..\obj\stm32f4xx_rcc.o
 .text.RCC_MCO1Config
                0x00000000       0x3c ..\obj\stm32f4xx_rcc.o
 .text.RCC_MCO2Config
                0x00000000       0x3c ..\obj\stm32f4xx_rcc.o
 .text.RCC_SYSCLKConfig
                0x00000000       0x38 ..\obj\stm32f4xx_rcc.o
 .text.RCC_GetSYSCLKSource
                0x00000000       0x20 ..\obj\stm32f4xx_rcc.o
 .text.RCC_HCLKConfig
                0x00000000       0x38 ..\obj\stm32f4xx_rcc.o
 .text.RCC_PCLK1Config
                0x00000000       0x38 ..\obj\stm32f4xx_rcc.o
 .text.RCC_PCLK2Config
                0x00000000       0x38 ..\obj\stm32f4xx_rcc.o
 .text.RCC_GetClocksFreq
                0x00000000      0x154 ..\obj\stm32f4xx_rcc.o
 .text.RCC_RTCCLKConfig
                0x00000000       0x5c ..\obj\stm32f4xx_rcc.o
 .text.RCC_RTCCLKCmd
                0x00000000       0x20 ..\obj\stm32f4xx_rcc.o
 .text.RCC_BackupResetCmd
                0x00000000       0x20 ..\obj\stm32f4xx_rcc.o
 .text.RCC_I2SCLKConfig
                0x00000000       0x1c ..\obj\stm32f4xx_rcc.o
 .text.RCC_AHB2PeriphClockCmd
                0x00000000       0x3c ..\obj\stm32f4xx_rcc.o
 .text.RCC_AHB3PeriphClockCmd
                0x00000000       0x3c ..\obj\stm32f4xx_rcc.o
 .text.RCC_APB2PeriphClockCmd
                0x00000000       0x3c ..\obj\stm32f4xx_rcc.o
 .text.RCC_AHB1PeriphResetCmd
                0x00000000       0x3c ..\obj\stm32f4xx_rcc.o
 .text.RCC_AHB2PeriphResetCmd
                0x00000000       0x3c ..\obj\stm32f4xx_rcc.o
 .text.RCC_AHB3PeriphResetCmd
                0x00000000       0x3c ..\obj\stm32f4xx_rcc.o
 .text.RCC_APB1PeriphResetCmd
                0x00000000       0x3c ..\obj\stm32f4xx_rcc.o
 .text.RCC_APB2PeriphResetCmd
                0x00000000       0x3c ..\obj\stm32f4xx_rcc.o
 .text.RCC_AHB1PeriphClockLPModeCmd
                0x00000000       0x3c ..\obj\stm32f4xx_rcc.o
 .text.RCC_AHB2PeriphClockLPModeCmd
                0x00000000       0x3c ..\obj\stm32f4xx_rcc.o
 .text.RCC_AHB3PeriphClockLPModeCmd
                0x00000000       0x3c ..\obj\stm32f4xx_rcc.o
 .text.RCC_APB1PeriphClockLPModeCmd
                0x00000000       0x3c ..\obj\stm32f4xx_rcc.o
 .text.RCC_APB2PeriphClockLPModeCmd
                0x00000000       0x3c ..\obj\stm32f4xx_rcc.o
 .text.RCC_ITConfig
                0x00000000       0x4c ..\obj\stm32f4xx_rcc.o
 .text.RCC_GetFlagStatus
                0x00000000       0x74 ..\obj\stm32f4xx_rcc.o
 .text.RCC_ClearFlag
                0x00000000       0x1c ..\obj\stm32f4xx_rcc.o
 .text.RCC_GetITStatus
                0x00000000       0x38 ..\obj\stm32f4xx_rcc.o
 .text.RCC_ClearITPendingBit
                0x00000000       0x20 ..\obj\stm32f4xx_rcc.o
 .text          0x00000000        0x0 ..\obj\stm32f4xx_gpio.o
 .data          0x00000000        0x0 ..\obj\stm32f4xx_gpio.o
 .bss           0x00000000        0x0 ..\obj\stm32f4xx_gpio.o
 .text.GPIO_DeInit
                0x00000000      0x120 ..\obj\stm32f4xx_gpio.o
 .text.GPIO_StructInit
                0x00000000       0x34 ..\obj\stm32f4xx_gpio.o
 .text.GPIO_PinLockConfig
                0x00000000       0x44 ..\obj\stm32f4xx_gpio.o
 .text.GPIO_ReadInputData
                0x00000000       0x1c ..\obj\stm32f4xx_gpio.o
 .text.GPIO_ReadOutputDataBit
                0x00000000       0x34 ..\obj\stm32f4xx_gpio.o
 .text.GPIO_ReadOutputData
                0x00000000       0x1c ..\obj\stm32f4xx_gpio.o
 .text.GPIO_SetBits
                0x00000000       0x1c ..\obj\stm32f4xx_gpio.o
 .text.GPIO_ResetBits
                0x00000000       0x1c ..\obj\stm32f4xx_gpio.o
 .text.GPIO_WriteBit
                0x00000000       0x30 ..\obj\stm32f4xx_gpio.o
 .text.GPIO_Write
                0x00000000       0x1c ..\obj\stm32f4xx_gpio.o
 .text.GPIO_ToggleBits
                0x00000000       0x24 ..\obj\stm32f4xx_gpio.o
 .text          0x00000000        0x0 ..\obj\system_stm32f4xx.o
 .data          0x00000000       0x14 ..\obj\system_stm32f4xx.o
 .bss           0x00000000        0x0 ..\obj\system_stm32f4xx.o
 .text.SystemCoreClockUpdate
                0x00000000       0xf8 ..\obj\system_stm32f4xx.o
 .text          0x00000000        0x0 ..\obj\stm32f4xx_tim.o
 .data          0x00000000        0x0 ..\obj\stm32f4xx_tim.o
 .bss           0x00000000        0x0 ..\obj\stm32f4xx_tim.o
 .text.TIM_DeInit
                0x00000000      0x1bc ..\obj\stm32f4xx_tim.o
 .text.TIM_TimeBaseStructInit
                0x00000000       0x34 ..\obj\stm32f4xx_tim.o
 .text.TIM_PrescalerConfig
                0x00000000       0x28 ..\obj\stm32f4xx_tim.o
 .text.TIM_CounterModeConfig
                0x00000000       0x38 ..\obj\stm32f4xx_tim.o
 .text.TIM_SetCounter
                0x00000000       0x1c ..\obj\stm32f4xx_tim.o
 .text.TIM_SetAutoreload
                0x00000000       0x1c ..\obj\stm32f4xx_tim.o
 .text.TIM_GetCounter
                0x00000000       0x18 ..\obj\stm32f4xx_tim.o
 .text.TIM_GetPrescaler
                0x00000000       0x1c ..\obj\stm32f4xx_tim.o
 .text.TIM_UpdateDisableConfig
                0x00000000       0x40 ..\obj\stm32f4xx_tim.o
 .text.TIM_UpdateRequestConfig
                0x00000000       0x40 ..\obj\stm32f4xx_tim.o
 .text.TIM_SelectOnePulseMode
                0x00000000       0x38 ..\obj\stm32f4xx_tim.o
 .text.TIM_SetClockDivision
                0x00000000       0x38 ..\obj\stm32f4xx_tim.o
 .text.TIM_OC3Init
                0x00000000      0x10c ..\obj\stm32f4xx_tim.o
 .text.TIM_OC4Init
                0x00000000       0xcc ..\obj\stm32f4xx_tim.o
 .text.TIM_OCStructInit
                0x00000000       0x44 ..\obj\stm32f4xx_tim.o
 .text.TIM_SelectOCxM
                0x00000000       0xb0 ..\obj\stm32f4xx_tim.o
 .text.TIM_SetCompare1
                0x00000000       0x1c ..\obj\stm32f4xx_tim.o
 .text.TIM_SetCompare2
                0x00000000       0x1c ..\obj\stm32f4xx_tim.o
 .text.TIM_SetCompare3
                0x00000000       0x1c ..\obj\stm32f4xx_tim.o
 .text.TIM_SetCompare4
                0x00000000       0x1c ..\obj\stm32f4xx_tim.o
 .text.TIM_ForcedOC1Config
                0x00000000       0x38 ..\obj\stm32f4xx_tim.o
 .text.TIM_ForcedOC2Config
                0x00000000       0x3c ..\obj\stm32f4xx_tim.o
 .text.TIM_ForcedOC3Config
                0x00000000       0x38 ..\obj\stm32f4xx_tim.o
 .text.TIM_ForcedOC4Config
                0x00000000       0x3c ..\obj\stm32f4xx_tim.o
 .text.TIM_OC3PreloadConfig
                0x00000000       0x38 ..\obj\stm32f4xx_tim.o
 .text.TIM_OC4PreloadConfig
                0x00000000       0x3c ..\obj\stm32f4xx_tim.o
 .text.TIM_OC1FastConfig
                0x00000000       0x38 ..\obj\stm32f4xx_tim.o
 .text.TIM_OC2FastConfig
                0x00000000       0x3c ..\obj\stm32f4xx_tim.o
 .text.TIM_OC3FastConfig
                0x00000000       0x38 ..\obj\stm32f4xx_tim.o
 .text.TIM_OC4FastConfig
                0x00000000       0x3c ..\obj\stm32f4xx_tim.o
 .text.TIM_ClearOC1Ref
                0x00000000       0x38 ..\obj\stm32f4xx_tim.o
 .text.TIM_ClearOC2Ref
                0x00000000       0x3c ..\obj\stm32f4xx_tim.o
 .text.TIM_ClearOC3Ref
                0x00000000       0x38 ..\obj\stm32f4xx_tim.o
 .text.TIM_ClearOC4Ref
                0x00000000       0x3c ..\obj\stm32f4xx_tim.o
 .text.TIM_OC1PolarityConfig
                0x00000000       0x38 ..\obj\stm32f4xx_tim.o
 .text.TIM_OC1NPolarityConfig
                0x00000000       0x38 ..\obj\stm32f4xx_tim.o
 .text.TIM_OC2PolarityConfig
                0x00000000       0x3c ..\obj\stm32f4xx_tim.o
 .text.TIM_OC2NPolarityConfig
                0x00000000       0x3c ..\obj\stm32f4xx_tim.o
 .text.TIM_OC3PolarityConfig
                0x00000000       0x3c ..\obj\stm32f4xx_tim.o
 .text.TIM_OC3NPolarityConfig
                0x00000000       0x3c ..\obj\stm32f4xx_tim.o
 .text.TIM_OC4PolarityConfig
                0x00000000       0x3c ..\obj\stm32f4xx_tim.o
 .text.TIM_CCxCmd
                0x00000000       0x54 ..\obj\stm32f4xx_tim.o
 .text.TIM_CCxNCmd
                0x00000000       0x54 ..\obj\stm32f4xx_tim.o
 .text.TIM_ICInit
                0x00000000       0xa8 ..\obj\stm32f4xx_tim.o
 .text.TIM_ICStructInit
                0x00000000       0x30 ..\obj\stm32f4xx_tim.o
 .text.TIM_PWMIConfig
                0x00000000       0xb8 ..\obj\stm32f4xx_tim.o
 .text.TIM_GetCapture1
                0x00000000       0x18 ..\obj\stm32f4xx_tim.o
 .text.TIM_GetCapture2
                0x00000000       0x18 ..\obj\stm32f4xx_tim.o
 .text.TIM_GetCapture3
                0x00000000       0x18 ..\obj\stm32f4xx_tim.o
 .text.TIM_GetCapture4
                0x00000000       0x18 ..\obj\stm32f4xx_tim.o
 .text.TIM_SetIC1Prescaler
                0x00000000       0x38 ..\obj\stm32f4xx_tim.o
 .text.TIM_SetIC2Prescaler
                0x00000000       0x3c ..\obj\stm32f4xx_tim.o
 .text.TIM_SetIC3Prescaler
                0x00000000       0x38 ..\obj\stm32f4xx_tim.o
 .text.TIM_SetIC4Prescaler
                0x00000000       0x3c ..\obj\stm32f4xx_tim.o
 .text.TIM_BDTRConfig
                0x00000000       0x50 ..\obj\stm32f4xx_tim.o
 .text.TIM_BDTRStructInit
                0x00000000       0x3c ..\obj\stm32f4xx_tim.o
 .text.TIM_CtrlPWMOutputs
                0x00000000       0x4c ..\obj\stm32f4xx_tim.o
 .text.TIM_SelectCOM
                0x00000000       0x40 ..\obj\stm32f4xx_tim.o
 .text.TIM_CCPreloadControl
                0x00000000       0x40 ..\obj\stm32f4xx_tim.o
 .text.TIM_ITConfig
                0x00000000       0x48 ..\obj\stm32f4xx_tim.o
 .text.TIM_GenerateEvent
                0x00000000       0x1c ..\obj\stm32f4xx_tim.o
 .text.TIM_GetFlagStatus
                0x00000000       0x38 ..\obj\stm32f4xx_tim.o
 .text.TIM_ClearFlag
                0x00000000       0x20 ..\obj\stm32f4xx_tim.o
 .text.TIM_GetITStatus
                0x00000000       0x54 ..\obj\stm32f4xx_tim.o
 .text.TIM_ClearITPendingBit
                0x00000000       0x20 ..\obj\stm32f4xx_tim.o
 .text.TIM_DMAConfig
                0x00000000       0x28 ..\obj\stm32f4xx_tim.o
 .text.TIM_DMACmd
                0x00000000       0x48 ..\obj\stm32f4xx_tim.o
 .text.TIM_SelectCCDMA
                0x00000000       0x40 ..\obj\stm32f4xx_tim.o
 .text.TIM_InternalClockConfig
                0x00000000       0x24 ..\obj\stm32f4xx_tim.o
 .text.TIM_ITRxExternalClockConfig
                0x00000000       0x2c ..\obj\stm32f4xx_tim.o
 .text.TIM_TIxExternalClockConfig
                0x00000000       0x60 ..\obj\stm32f4xx_tim.o
 .text.TIM_ETRClockMode1Config
                0x00000000       0x5c ..\obj\stm32f4xx_tim.o
 .text.TIM_ETRClockMode2Config
                0x00000000       0x3c ..\obj\stm32f4xx_tim.o
 .text.TIM_SelectInputTrigger
                0x00000000       0x38 ..\obj\stm32f4xx_tim.o
 .text.TIM_SelectOutputTrigger
                0x00000000       0x38 ..\obj\stm32f4xx_tim.o
 .text.TIM_SelectSlaveMode
                0x00000000       0x38 ..\obj\stm32f4xx_tim.o
 .text.TIM_SelectMasterSlaveMode
                0x00000000       0x38 ..\obj\stm32f4xx_tim.o
 .text.TIM_ETRConfig
                0x00000000       0x54 ..\obj\stm32f4xx_tim.o
 .text.TIM_EncoderInterfaceConfig
                0x00000000       0x98 ..\obj\stm32f4xx_tim.o
 .text.TIM_SelectHallSensor
                0x00000000       0x40 ..\obj\stm32f4xx_tim.o
 .text.TIM_RemapConfig
                0x00000000       0x20 ..\obj\stm32f4xx_tim.o
 .text.TI1_Config
                0x00000000       0x84 ..\obj\stm32f4xx_tim.o
 .text.TI2_Config
                0x00000000       0x98 ..\obj\stm32f4xx_tim.o
 .text.TI3_Config
                0x00000000       0x90 ..\obj\stm32f4xx_tim.o
 .text.TI4_Config
                0x00000000       0x9c ..\obj\stm32f4xx_tim.o

Memory Configuration

Name             Origin             Length             Attributes
rom              0x08000000         0x00200000         xr
ram              0x20000000         0x00030000         xrw
ram1             0x10000000         0x00010000         xrw
*default*        0x00000000         0xffffffff

Linker script and memory map

                0x20030000                _eram = 0x20030000

.text           0x08000000      0xb6c
 *(.isr_vector)
 .isr_vector    0x08000000      0x188 ..\obj\startup_stm32f4xx.o
                0x08000000                g_pfnVectors
 *(.text*)
 .text.Default_Reset_Handler
                0x08000188       0x68 ..\obj\startup_stm32f4xx.o
                0x08000188                Default_Reset_Handler
                0x08000188                Reset_Handler
 .text.Default_Handler
                0x080001f0        0x8 ..\obj\startup_stm32f4xx.o
                0x080001f0                RTC_Alarm_IRQHandler
                0x080001f0                HASH_RNG_IRQHandler
                0x080001f0                EXTI2_IRQHandler
                0x080001f0                TIM8_CC_IRQHandler
                0x080001f0                DebugMon_Handler
                0x080001f0                TIM1_CC_IRQHandler
                0x080001f0                DMA2_Stream5_IRQHandler
                0x080001f0                HardFault_Handler
                0x080001f0                DMA1_Stream5_IRQHandler
                0x080001f0                SysTick_Handler
                0x080001f0                PVD_IRQHandler
                0x080001f0                SDIO_IRQHandler
                0x080001f0                TAMP_STAMP_IRQHandler
                0x080001f0                PendSV_Handler
                0x080001f0                NMI_Handler
                0x080001f0                CAN2_RX1_IRQHandler
                0x080001f0                EXTI3_IRQHandler
                0x080001f0                TIM8_TRG_COM_TIM14_IRQHandler
                0x080001f0                TIM1_UP_TIM10_IRQHandler
                0x080001f0                TIM8_UP_TIM13_IRQHandler
                0x080001f0                I2C3_ER_IRQHandler
                0x080001f0                EXTI0_IRQHandler
                0x080001f0                I2C2_EV_IRQHandler
                0x080001f0                DMA1_Stream2_IRQHandler
                0x080001f0                CAN1_RX0_IRQHandler
                0x080001f0                FPU_IRQHandler
                0x080001f0                OTG_HS_WKUP_IRQHandler
                0x080001f0                UsageFault_Handler
                0x080001f0                CAN2_SCE_IRQHandler
                0x080001f0                DMA2_Stream2_IRQHandler
                0x080001f0                SPI1_IRQHandler
                0x080001f0                TIM6_DAC_IRQHandler
                0x080001f0                TIM1_BRK_TIM9_IRQHandler
                0x080001f0                DCMI_IRQHandler
                0x080001f0                CAN2_RX0_IRQHandler
                0x080001f0                DMA2_Stream3_IRQHandler
                0x080001f0                USART6_IRQHandler
                0x080001f0                USART3_IRQHandler
                0x080001f0                CRYP_IRQHandler
                0x080001f0                CAN1_RX1_IRQHandler
                0x080001f0                UART5_IRQHandler
                0x080001f0                DMA2_Stream0_IRQHandler
                0x080001f0                TIM4_IRQHandler
                0x080001f0                I2C1_EV_IRQHandler
                0x080001f0                DMA1_Stream6_IRQHandler
                0x080001f0                DMA1_Stream1_IRQHandler
                0x080001f0                UART4_IRQHandler
                0x080001f0                TIM3_IRQHandler
                0x080001f0                RCC_IRQHandler
                0x080001f0                TIM8_BRK_TIM12_IRQHandler
                0x080001f0                EXTI15_10_IRQHandler
                0x080001f0                ADC_IRQHandler
                0x080001f0                DMA1_Stream7_IRQHandler
                0x080001f0                TIM7_IRQHandler
                0x080001f0                CAN2_TX_IRQHandler
                0x080001f0                TIM5_IRQHandler
                0x080001f0                DMA2_Stream7_IRQHandler
                0x080001f0                I2C3_EV_IRQHandler
                0x080001f0                EXTI9_5_IRQHandler
                0x080001f0                RTC_WKUP_IRQHandler
                0x080001f0                ETH_WKUP_IRQHandler
                0x080001f0                SPI2_IRQHandler
                0x080001f0                OTG_HS_EP1_IN_IRQHandler
                0x080001f0                MemManage_Handler
                0x080001f0                DMA1_Stream0_IRQHandler
                0x080001f0                CAN1_TX_IRQHandler
                0x080001f0                SVC_Handler
                0x080001f0                EXTI4_IRQHandler
                0x080001f0                FSMC_IRQHandler
                0x080001f0                ETH_IRQHandler
                0x080001f0                OTG_HS_EP1_OUT_IRQHandler
                0x080001f0                WWDG_IRQHandler
                0x080001f0                TIM2_IRQHandler
                0x080001f0                OTG_FS_WKUP_IRQHandler
                0x080001f0                TIM1_TRG_COM_TIM11_IRQHandler
                0x080001f0                OTG_HS_IRQHandler
                0x080001f0                EXTI1_IRQHandler
                0x080001f0                USART2_IRQHandler
                0x080001f0                I2C2_ER_IRQHandler
                0x080001f0                DMA2_Stream1_IRQHandler
                0x080001f0                CAN1_SCE_IRQHandler
                0x080001f0                FLASH_IRQHandler
                0x080001f0                DMA2_Stream4_IRQHandler
                0x080001f0                BusFault_Handler
                0x080001f0                USART1_IRQHandler
                0x080001f0                OTG_FS_IRQHandler
                0x080001f0                SPI3_IRQHandler
                0x080001f0                DMA1_Stream4_IRQHandler
                0x080001f0                I2C1_ER_IRQHandler
                0x080001f0                DMA2_Stream6_IRQHandler
                0x080001f0                DMA1_Stream3_IRQHandler
 .text.GPIO_OUT_INIT_EXAMPLE
                0x080001f8       0x38 ..\obj\main.o
                0x080001f8                GPIO_OUT_INIT_EXAMPLE
 .text.GPIO_IN_INIT_EXAMPLE
                0x08000230       0x38 ..\obj\main.o
                0x08000230                GPIO_IN_INIT_EXAMPLE
 .text.TIMER_PWM_INIT_EXAMPLE
                0x08000268       0xe0 ..\obj\main.o
                0x08000268                TIMER_PWM_INIT_EXAMPLE
 .text.updatePwmCycleTime
                0x08000348       0x44 ..\obj\main.o
                0x08000348                updatePwmCycleTime
 .text.main     0x0800038c       0x60 ..\obj\main.o
                0x0800038c                main
 .text.RCC_AHB1PeriphClockCmd
                0x080003ec       0x3c ..\obj\stm32f4xx_rcc.o
                0x080003ec                RCC_AHB1PeriphClockCmd
 .text.RCC_APB1PeriphClockCmd
                0x08000428       0x3c ..\obj\stm32f4xx_rcc.o
                0x08000428                RCC_APB1PeriphClockCmd
 .text.GPIO_Init
                0x08000464      0x11c ..\obj\stm32f4xx_gpio.o
                0x08000464                GPIO_Init
 .text.GPIO_ReadInputDataBit
                0x08000580       0x34 ..\obj\stm32f4xx_gpio.o
                0x08000580                GPIO_ReadInputDataBit
 .text.GPIO_PinAFConfig
                0x080005b4       0x90 ..\obj\stm32f4xx_gpio.o
                0x080005b4                GPIO_PinAFConfig
 .text.SystemInit
                0x08000644       0x68 ..\obj\system_stm32f4xx.o
                0x08000644                SystemInit
 .text.SetSysClock
                0x080006ac       0xf4 ..\obj\system_stm32f4xx.o
 .text.TIM_TimeBaseInit
                0x080007a0       0xd4 ..\obj\stm32f4xx_tim.o
                0x080007a0                TIM_TimeBaseInit
 .text.TIM_ARRPreloadConfig
                0x08000874       0x40 ..\obj\stm32f4xx_tim.o
                0x08000874                TIM_ARRPreloadConfig
 .text.TIM_Cmd  0x080008b4       0x40 ..\obj\stm32f4xx_tim.o
                0x080008b4                TIM_Cmd
 .text.TIM_OC1Init
                0x080008f4       0xf4 ..\obj\stm32f4xx_tim.o
                0x080008f4                TIM_OC1Init
 .text.TIM_OC2Init
                0x080009e8      0x110 ..\obj\stm32f4xx_tim.o
                0x080009e8                TIM_OC2Init
 .text.TIM_OC1PreloadConfig
                0x08000af8       0x38 ..\obj\stm32f4xx_tim.o
                0x08000af8                TIM_OC1PreloadConfig
 .text.TIM_OC2PreloadConfig
                0x08000b30       0x3c ..\obj\stm32f4xx_tim.o
                0x08000b30                TIM_OC2PreloadConfig
 *(.init)
 *(.fini)
 *crtbegin.o(.ctors)
 *crtbegin?.o(.ctors)
 *(EXCLUDE_FILE(*crtend.o *crtend?.o) .ctors)
 *(SORT(.ctors.*))
 *(.ctors)
 *crtbegin.o(.dtors)
 *crtbegin?.o(.dtors)
 *(EXCLUDE_FILE(*crtend.o *crtend?.o) .dtors)
 *(SORT(.dtors.*))
 *(.dtors)
 *(.rodata*)
 *(.eh_fram e*)

.glue_7         0x08000b6c        0x0
 .glue_7        0x00000000        0x0 linker stubs

.glue_7t        0x08000b6c        0x0
 .glue_7t       0x00000000        0x0 linker stubs

.vfp11_veneer   0x08000b6c        0x0
 .vfp11_veneer  0x00000000        0x0 linker stubs

.v4_bx          0x08000b6c        0x0
 .v4_bx         0x00000000        0x0 linker stubs

.iplt           0x08000b6c        0x0
 .iplt          0x00000000        0x0 ..\obj\startup_stm32f4xx.o

.rel.dyn        0x08000b6c        0x0
 .rel.iplt      0x00000000        0x0 ..\obj\startup_stm32f4xx.o

.ARM.extab
 *(.ARM.extab* .gnu.linkonce.armextab.*)
                0x08000b6c                __exidx_start = .

.ARM.exidx
 *(.ARM.exidx* .gnu.linkonce.armexidx.*)
                0x08000b6c                __exidx_end = .
                0x08000b6c                __etext = .
                0x08000b6c                _sidata = __etext

.data           0x20000000        0x4 load address 0x08000b6c
                0x20000000                __data_start__ = .
                0x20000000                _sdata = __data_start__
 *(vtable)
 *(.data*)
 .data          0x20000000        0x2 ..\obj\main.o
                0x20000004                . = ALIGN (0x4)
 *fill*         0x20000002        0x2 
                0x20000004                PROVIDE (__preinit_array_start, .)
 *(.preinit_array)
                0x20000004                PROVIDE (__preinit_array_end, .)
                0x20000004                . = ALIGN (0x4)
                0x20000004                PROVIDE (__init_array_start, .)
 *(SORT(.init_array.*))
 *(.init_array)
                0x20000004                PROVIDE (__init_array_end, .)
                0x20000004                . = ALIGN (0x4)
                0x20000004                PROVIDE (__fini_array_start, .)
 *(SORT(.fini_array.*))
 *(.fini_array)
                0x20000004                PROVIDE (__fini_array_end, .)
 *(.jcr*)
                0x20000004                . = ALIGN (0x4)
                0x20000004                __data_end__ = .
                0x20000004                _edata = __data_end__

.igot.plt       0x20000004        0x0 load address 0x08000b70
 .igot.plt      0x00000000        0x0 ..\obj\startup_stm32f4xx.o

.bss            0x20000004        0x0
                0x20000004                . = ALIGN (0x4)
                0x20000004                __bss_start__ = .
                0x20000004                _sbss = __bss_start__
 *(.bss*)
 *(COMMON)
                0x20000004                . = ALIGN (0x4)
                0x20000004                __bss_end__ = .
                0x20000004                _ebss = __bss_end__

.heap           0x20000004        0x0
                0x20000004                __end__ = .
                0x20000004                _end = __end__
                0x20000004                end = __end__
 *(.heap*)
                0x20000004                __HeapLimit = .

.co_stack       0x20000004     0x8004 load address 0x08000b70
                0x20000008                . = ALIGN (0x8)
 *fill*         0x20000004        0x4 
 *(.co_stack .co_stack.*)
 .co_stack      0x20000008     0x8000 ..\obj\startup_stm32f4xx.o
                0x20000008                pulStack
                0x20030000                __StackTop = (ORIGIN (ram) + 0x30000)
                0x20027ffc                __StackLimit = (__StackTop - SIZEOF (.co_stack))
                0x20030000                PROVIDE (__stack, __StackTop)
                0x00000001                ASSERT ((__StackLimit >= __HeapLimit), region ram  overflowed with stack)
LOAD ..\obj\startup_stm32f4xx.o
LOAD ..\obj\main.o
LOAD ..\obj\stm32f4xx_rcc.o
LOAD ..\obj\stm32f4xx_gpio.o
LOAD ..\obj\system_stm32f4xx.o
LOAD ..\obj\stm32f4xx_tim.o
START GROUP
LOAD c:/program files (x86)/gnu tools arm embedded/4.9 2015q1/bin/../lib/gcc/arm-none-eabi/4.9.3/armv7e-m/fpu\libgcc.a
LOAD c:/program files (x86)/gnu tools arm embedded/4.9 2015q1/bin/../lib/gcc/arm-none-eabi/4.9.3/../../../../arm-none-eabi/lib/armv7e-m/fpu\libg.a
LOAD c:/program files (x86)/gnu tools arm embedded/4.9 2015q1/bin/../lib/gcc/arm-none-eabi/4.9.3/../../../../arm-none-eabi/lib/armv7e-m/fpu\libc.a
END GROUP
OUTPUT(STM32F4_PWM.elf elf32-littlearm)

.debug_info     0x00000000     0x3b6c
 .debug_info    0x00000000       0xed ..\obj\startup_stm32f4xx.o
 .debug_info    0x000000ed      0x63d ..\obj\main.o
 .debug_info    0x0000072a      0xc4d ..\obj\stm32f4xx_rcc.o
 .debug_info    0x00001377      0x602 ..\obj\stm32f4xx_gpio.o
 .debug_info    0x00001979      0x592 ..\obj\system_stm32f4xx.o
 .debug_info    0x00001f0b     0x1c61 ..\obj\stm32f4xx_tim.o

.debug_abbrev   0x00000000      0x81f
 .debug_abbrev  0x00000000       0xb0 ..\obj\startup_stm32f4xx.o
 .debug_abbrev  0x000000b0      0x12c ..\obj\main.o
 .debug_abbrev  0x000001dc      0x1e3 ..\obj\stm32f4xx_rcc.o
 .debug_abbrev  0x000003bf      0x1a3 ..\obj\stm32f4xx_gpio.o
 .debug_abbrev  0x00000562      0x136 ..\obj\system_stm32f4xx.o
 .debug_abbrev  0x00000698      0x187 ..\obj\stm32f4xx_tim.o

.debug_aranges  0x00000000      0x590
 .debug_aranges
                0x00000000       0x28 ..\obj\startup_stm32f4xx.o
 .debug_aranges
                0x00000028       0x40 ..\obj\main.o
 .debug_aranges
                0x00000068      0x178 ..\obj\stm32f4xx_rcc.o
 .debug_aranges
                0x000001e0       0x88 ..\obj\stm32f4xx_gpio.o
 .debug_aranges
                0x00000268       0x30 ..\obj\system_stm32f4xx.o
 .debug_aranges
                0x00000298      0x2f8 ..\obj\stm32f4xx_tim.o

.debug_ranges   0x00000000      0x530
 .debug_ranges  0x00000000       0x18 ..\obj\startup_stm32f4xx.o
 .debug_ranges  0x00000018       0x30 ..\obj\main.o
 .debug_ranges  0x00000048      0x168 ..\obj\stm32f4xx_rcc.o
 .debug_ranges  0x000001b0       0x78 ..\obj\stm32f4xx_gpio.o
 .debug_ranges  0x00000228       0x20 ..\obj\system_stm32f4xx.o
 .debug_ranges  0x00000248      0x2e8 ..\obj\stm32f4xx_tim.o

.debug_line     0x00000000     0x1ad8
 .debug_line    0x00000000       0xc0 ..\obj\startup_stm32f4xx.o
 .debug_line    0x000000c0      0x2fb ..\obj\main.o
 .debug_line    0x000003bb      0x628 ..\obj\stm32f4xx_rcc.o
 .debug_line    0x000009e3      0x3ca ..\obj\stm32f4xx_gpio.o
 .debug_line    0x00000dad      0x23a ..\obj\system_stm32f4xx.o
 .debug_line    0x00000fe7      0xaf1 ..\obj\stm32f4xx_tim.o

.debug_str      0x00000000     0x1a50
 .debug_str     0x00000000      0x176 ..\obj\startup_stm32f4xx.o
                                0x188 (size before relaxing)
 .debug_str     0x00000176      0x54a ..\obj\main.o
                                0x64d (size before relaxing)
 .debug_str     0x000006c0      0x67d ..\obj\stm32f4xx_rcc.o
                                0x891 (size before relaxing)
 .debug_str     0x00000d3d      0x1c1 ..\obj\stm32f4xx_gpio.o
                                0x4e4 (size before relaxing)
 .debug_str     0x00000efe      0x136 ..\obj\system_stm32f4xx.o
                                0x3eb (size before relaxing)
 .debug_str     0x00001034      0xa1c ..\obj\stm32f4xx_tim.o
                                0xe11 (size before relaxing)

.comment        0x00000000       0x70
 .comment       0x00000000       0x70 ..\obj\startup_stm32f4xx.o
                                 0x71 (size before relaxing)
 .comment       0x00000000       0x71 ..\obj\main.o
 .comment       0x00000000       0x71 ..\obj\stm32f4xx_rcc.o
 .comment       0x00000000       0x71 ..\obj\stm32f4xx_gpio.o
 .comment       0x00000000       0x71 ..\obj\system_stm32f4xx.o
 .comment       0x00000000       0x71 ..\obj\stm32f4xx_tim.o

.ARM.attributes
                0x00000000       0x39
 .ARM.attributes
                0x00000000       0x39 ..\obj\startup_stm32f4xx.o
 .ARM.attributes
                0x00000039       0x39 ..\obj\main.o
 .ARM.attributes
                0x00000072       0x39 ..\obj\stm32f4xx_rcc.o
 .ARM.attributes
                0x000000ab       0x39 ..\obj\stm32f4xx_gpio.o
 .ARM.attributes
                0x000000e4       0x39 ..\obj\system_stm32f4xx.o
 .ARM.attributes
                0x0000011d       0x39 ..\obj\stm32f4xx_tim.o

.debug_frame    0x00000000     0x18e4
 .debug_frame   0x00000000       0x4c ..\obj\startup_stm32f4xx.o
 .debug_frame   0x0000004c       0xb8 ..\obj\main.o
 .debug_frame   0x00000104      0x6d4 ..\obj\stm32f4xx_rcc.o
 .debug_frame   0x000007d8      0x23c ..\obj\stm32f4xx_gpio.o
 .debug_frame   0x00000a14       0x7c ..\obj\system_stm32f4xx.o
 .debug_frame   0x00000a90      0xe54 ..\obj\stm32f4xx_tim.o
